<?xml version="1.0" encoding="utf-8"?><testsuite errors="0" failures="0" name="pytest" skips="0" tests="5" time="0.591"><testcase classname="tests.test_index_generator.TestWorking" name="test_health_check" time="0.003817319869995117"/><testcase classname="tests.test_index_generator.TestWorking" name="test_simple_proprietor_conversion_insert_failed" time="0.0015254020690917969"><system-out>Search API non-201 response: 500
</system-out></testcase><testcase classname="tests.test_index_generator.TestWorking" name="test_simple_proprietor_conversion" time="0.0012526512145996094"><system-out>[{&apos;office&apos;: &apos;Peytonland Office&apos;, &apos;sub_register&apos;: &apos;Proprietorship&apos;, &apos;name_type&apos;: &apos;Private&apos;, &apos;title_number&apos;: &apos;LK31302&apos;, &apos;registered_proprietor&apos;: {&apos;full_name&apos;: &apos;Murl Lenora Ullrich&apos;, &apos;surname&apos;: &apos;Ullrich&apos;, &apos;forenames&apos;: [&apos;Murl&apos;, &apos;Lenora&apos;]}}]
</system-out></testcase><testcase classname="tests.test_index_generator.TestWorking" name="test_subscribe_and_send_on" time="0.0013751983642578125"><system-out>2015-08-04 11:14:31 INFO Listening for new registrations
2015-08-04 11:14:31 INFO Received new registrations: {&apos;data&apos;: {&apos;groups&apos;: [{&apos;entries&apos;: [{&apos;template_text&apos;: &apos;PROPRIETOR =&gt; *RP*&apos;, &apos;category&apos;: &apos;OWNERSHIP&apos;, &apos;sub_register&apos;: &apos;B&apos;, &apos;status&apos;: &apos;Current&apos;, &apos;role_code&apos;: &apos;RPRO&apos;, &apos;language&apos;: &apos;ENG&apos;, &apos;full_text&apos;: &apos;PROPRIETOR =&gt; MURL LENORA ULLRICH of 71199 Lind Rapid, Kautzerside, Buckinghamshire ER66 8TA.&apos;, &apos;infills&apos;: [{&apos;proprietors&apos;: [{&apos;name&apos;: {&apos;forename&apos;: &apos;Murl Lenora&apos;, &apos;name_category&apos;: &apos;PRIVATE INDIVIDUAL&apos;, &apos;surname&apos;: &apos;Ullrich&apos;}, &apos;addresses&apos;: [{&apos;house_no&apos;: &apos;71199&apos;, &apos;address_type&apos;: &apos;UK&apos;, &apos;town&apos;: &apos;Kautzerside&apos;, &apos;postcode&apos;: &apos;ER66 8TA&apos;, &apos;address_string&apos;: &apos;71199 Lind Rapid, Kautzerside, Buckinghamshire ER66 8TA&apos;, &apos;street_name&apos;: &apos;Lind Rapid&apos;, &apos;postal_county&apos;: &apos;Buckinghamshire&apos;, &apos;local_name&apos;: &apos;&apos;}]}], &apos;type&apos;: &apos;Proprietor&apos;}], &apos;entry_date&apos;: &apos;2014-01-01&apos;, &apos;entry_id&apos;: &apos;2014-01-01 18:01:00.987654&apos;, &apos;sequence_number&apos;: 1}], &apos;category&apos;: &apos;OWNERSHIP&apos;}], &apos;title_number&apos;: &apos;LK31302&apos;, &apos;tenure&apos;: &apos;Freehold&apos;, &apos;dlr&apos;: &apos;Peytonland Office&apos;}}
[{&apos;office&apos;: &apos;Peytonland Office&apos;, &apos;sub_register&apos;: &apos;Proprietorship&apos;, &apos;name_type&apos;: &apos;Private&apos;, &apos;title_number&apos;: &apos;LK31302&apos;, &apos;registered_proprietor&apos;: {&apos;full_name&apos;: &apos;Murl Lenora Ullrich&apos;, &apos;surname&apos;: &apos;Ullrich&apos;, &apos;forenames&apos;: [&apos;Murl&apos;, &apos;Lenora&apos;]}}]
</system-out></testcase><testcase classname="tests.test_index_generator.TestWorking" name="test_exception_handled" time="0.001527547836303711"><system-out>2015-08-04 11:14:31 INFO Listening for new registrations
</system-out></testcase></testsuite>